{"synthetic": false,
 "schemaVersion": "2025-09-10",
 "outputs":
 {"o": ["a410ed79971bca4d.olean"],
  "m": false,
  "i": "182639a3966c182c.ilean",
  "c": "49985d154e882565.c"},
 "log":
 [{"message":
   ".> LEAN_PATH=/Users/alfredoguevara/Library/Mobile Documents/com~apple~CloudDocs/colaborative proof/black-box-arena/example_toyfib/out/consolidation/.lake/build/lib/lean /Users/alfredoguevara/.elan/toolchains/leanprover--lean4---v4.33.0/bin/lean /Users/alfredoguevara/Library/Mobile Documents/com~apple~CloudDocs/colaborative proof/black-box-arena/example_toyfib/out/consolidation/Defs/Basic.lean -o /Users/alfredoguevara/Library/Mobile Documents/com~apple~CloudDocs/colaborative proof/black-box-arena/example_toyfib/out/consolidation/.lake/build/lib/lean/Defs/Basic.olean -i /Users/alfredoguevara/Library/Mobile Documents/com~apple~CloudDocs/colaborative proof/black-box-arena/example_toyfib/out/consolidation/.lake/build/lib/lean/Defs/Basic.ilean -c /Users/alfredoguevara/Library/Mobile Documents/com~apple~CloudDocs/colaborative proof/black-box-arena/example_toyfib/out/consolidation/.lake/build/ir/Defs/Basic.c --setup /Users/alfredoguevara/Library/Mobile Documents/com~apple~CloudDocs/colaborative proof/black-box-arena/example_toyfib/out/consolidation/.lake/build/ir/Defs/Basic.setup.json --json",
   "level": "trace"}],
 "inputs":
 [["deps",
   [["consolidation/Defs:extraDep",
     [["@consolidation:extraDep", "00000000000006bb"]]],
    ["imports", "00000000000006bb"]]],
  ["libs",
   [["import dynlibs", "00000000000006bb"],
    ["package external libraries", "00000000000006bb"],
    ["module dynlibs", "00000000000006bb"],
    ["module plugins", "00000000000006bb"]]],
  ["Lean 4.33.0, commit d8b18978322de05a8f3dba51ef03cf5461676c17",
   "3eca9d16ab6c877d"],
  ["/Users/alfredoguevara/Library/Mobile Documents/com~apple~CloudDocs/colaborative proof/black-box-arena/example_toyfib/out/consolidation/Defs/Basic.lean",
   "6fa0f7219e812539"],
  ["options", "00000000000006bb"],
  ["isModule: false", "feefd2a0d3a1847e"],
  ["Module.name: Defs.Basic", "72c7f7d1a7d8c98f"],
  ["Package.id?: (some consolidation)", "05d1ee1bc566e25d"],
  ["Module.leanArgs: #[]", "00000000000006bb"]],
 "depHash": "4a8fa4b640beb1ad"}