{"synthetic": false,
 "schemaVersion": "2025-09-10",
 "outputs":
 {"o": ["bc3647717fdfa2d9.olean"],
  "m": false,
  "i": "13f3e5f95bf8f6c7.ilean",
  "c": "08451beefc888223.c"},
 "log":
 [{"message":
   ".> LEAN_PATH=/Users/alfredoguevara/Library/Mobile Documents/com~apple~CloudDocs/colaborative proof/black-box-arena/example_toyfib/out/consolidation/.lake/build/lib/lean /Users/alfredoguevara/.elan/toolchains/leanprover--lean4---v4.33.0/bin/lean /Users/alfredoguevara/Library/Mobile Documents/com~apple~CloudDocs/colaborative proof/black-box-arena/example_toyfib/out/consolidation/Final.lean -o /Users/alfredoguevara/Library/Mobile Documents/com~apple~CloudDocs/colaborative proof/black-box-arena/example_toyfib/out/consolidation/.lake/build/lib/lean/Final.olean -i /Users/alfredoguevara/Library/Mobile Documents/com~apple~CloudDocs/colaborative proof/black-box-arena/example_toyfib/out/consolidation/.lake/build/lib/lean/Final.ilean -c /Users/alfredoguevara/Library/Mobile Documents/com~apple~CloudDocs/colaborative proof/black-box-arena/example_toyfib/out/consolidation/.lake/build/ir/Final.c --setup /Users/alfredoguevara/Library/Mobile Documents/com~apple~CloudDocs/colaborative proof/black-box-arena/example_toyfib/out/consolidation/.lake/build/ir/Final.setup.json --json",
   "level": "trace"},
  {"message":
   "Final.lean:10:82: Variable name `n` is not explicitly referenced.\n\nHint: The binding can be removed (if unused) or named `_` (if used implicitly). Alternatively, prefix the name with `_` to silence this warning:\n  [apply] _n\n\nNote: This linter can be disabled with `set_option linter.unusedVariables false`",
   "level": "warning"}],
 "inputs":
 [["deps",
   [["consolidation/Final:extraDep",
     [["@consolidation:extraDep", "00000000000006bb"],
      ["<collection>",
       [["<nil>",
         [["Defs.Basic", "4a8fa4b640beb1ad"], ["Defs", "bac67c700377e3a8"]]]]],
      ["<collection>", [["<nil>", [["Goal", "4c0381c475dfe2e7"]]]]]]],
    ["imports",
     [["Defs.Basic transitive imports (legacy)", "00000000000006bb"],
      ["Defs.Basic:importAllArts", "abe58399ad58de52"],
      ["Goal transitive imports (legacy)", "3ea94625593bcd68"],
      ["Goal:importAllArts", "1994381b46088182"]]]]],
  ["libs",
   [["import dynlibs", "00000000000006bb"],
    ["package external libraries", "00000000000006bb"],
    ["module dynlibs", "00000000000006bb"],
    ["module plugins", "00000000000006bb"]]],
  ["Lean 4.33.0, commit d8b18978322de05a8f3dba51ef03cf5461676c17",
   "3eca9d16ab6c877d"],
  ["/Users/alfredoguevara/Library/Mobile Documents/com~apple~CloudDocs/colaborative proof/black-box-arena/example_toyfib/out/consolidation/Final.lean",
   "70269507bef18dd8"],
  ["options", "00000000000006bb"],
  ["isModule: false", "feefd2a0d3a1847e"],
  ["Module.name: Final", "552b30d21757a56b"],
  ["Package.id?: (some consolidation)", "05d1ee1bc566e25d"],
  ["Module.leanArgs: #[]", "00000000000006bb"]],
 "depHash": "a071005ac399bbc1"}