{"synthetic": false,
 "schemaVersion": "2025-09-10",
 "outputs":
 {"o": ["7262968e37272690.olean"],
  "m": false,
  "i": "508eeb81c682d1e0.ilean",
  "c": "91a1d38d24281c73.c"},
 "log":
 [{"message":
   ".> LEAN_PATH=/Users/alfredoguevara/Library/Mobile Documents/com~apple~CloudDocs/colaborative proof/black-box-arena/example_toyfib/out/consolidation/.lake/build/lib/lean /Users/alfredoguevara/.elan/toolchains/leanprover--lean4---v4.33.0/bin/lean /Users/alfredoguevara/Library/Mobile Documents/com~apple~CloudDocs/colaborative proof/black-box-arena/example_toyfib/out/consolidation/Goal.lean -o /Users/alfredoguevara/Library/Mobile Documents/com~apple~CloudDocs/colaborative proof/black-box-arena/example_toyfib/out/consolidation/.lake/build/lib/lean/Goal.olean -i /Users/alfredoguevara/Library/Mobile Documents/com~apple~CloudDocs/colaborative proof/black-box-arena/example_toyfib/out/consolidation/.lake/build/lib/lean/Goal.ilean -c /Users/alfredoguevara/Library/Mobile Documents/com~apple~CloudDocs/colaborative proof/black-box-arena/example_toyfib/out/consolidation/.lake/build/ir/Goal.c --setup /Users/alfredoguevara/Library/Mobile Documents/com~apple~CloudDocs/colaborative proof/black-box-arena/example_toyfib/out/consolidation/.lake/build/ir/Goal.setup.json --json",
   "level": "trace"}],
 "inputs":
 [["deps",
   [["consolidation/Goal:extraDep",
     [["@consolidation:extraDep", "00000000000006bb"],
      ["<collection>",
       [["<nil>",
         [["Defs.Basic", "4a8fa4b640beb1ad"],
          ["Defs", "bac67c700377e3a8"]]]]]]],
    ["imports",
     [["Defs.Basic transitive imports (legacy)", "00000000000006bb"],
      ["Defs.Basic:importAllArts", "abe58399ad58de52"]]]]],
  ["libs",
   [["import dynlibs", "00000000000006bb"],
    ["package external libraries", "00000000000006bb"],
    ["module dynlibs", "00000000000006bb"],
    ["module plugins", "00000000000006bb"]]],
  ["Lean 4.33.0, commit d8b18978322de05a8f3dba51ef03cf5461676c17",
   "3eca9d16ab6c877d"],
  ["/Users/alfredoguevara/Library/Mobile Documents/com~apple~CloudDocs/colaborative proof/black-box-arena/example_toyfib/out/consolidation/Goal.lean",
   "ffa1a982d84efbf2"],
  ["options", "00000000000006bb"],
  ["isModule: false", "feefd2a0d3a1847e"],
  ["Module.name: Goal", "ed62ac1ec5839bb9"],
  ["Package.id?: (some consolidation)", "05d1ee1bc566e25d"],
  ["Module.leanArgs: #[]", "00000000000006bb"]],
 "depHash": "4c0381c475dfe2e7"}